RICE
   ricefile.lst         the file you are reading now...
   riceread.1st         the file you should read first...

RICE\DOC
   copying .            GNU General Public License
   copying .rj          some notes from the author

   rice    .sty         WordPerfect style file for documentation
   rice    .wp          documentation in WordPerfect format

RICE\EXAMPLES
   readme  .1st         just do so...

   makeprog.bat         utility for making examples
   makeprog.doc         documentation for utility
   mkprgbcc.bat         subroutine for utility
   mkprggcc.bat         subroutine for utility
   mkprgmsc.bat         subroutine for utility

   game    .c           source file for game example
   game    .doc         documentation for game example
   game    .kb          knowledge base for game example

   minimal .c           source file for minimal example
   minimal .doc         documentation for minimal example
   minimal .mak         makefile for minimal example

   simple  .c           source file for simple example
   simple  .doc         documentation for simple example

   simple3x.c           source file for upgrading simple example
   simple3x.cod         RICE 3.x code-file for upgrading simple example
   simple3x.doc         documentation for upgrading simple example
   simple3x.lnk         RICE 3.x link-file for upgrading simple example

   simpleec.c           source file for using easy macro's example
   simpleec.doc         documentation for using easy macro's example

   simplepp.cpp         source file for simple example in C++
   simplepp.cxx         source file for simple example in C++
   simplepp.doc         documentation for simple example in C++

   animals .kb          knowledge base for simple* examples

   factoff .kb          example knowledge base showing feature
   hello   .kb          example knowledge base showing feature
   invlayer.kb          example knowledge base showing feature
   ruleoff .kb          example knowledge base showing feature
   showhow .kb          example knowledge base showing feature
   showwhy .kb          example knowledge base showing feature

RICE\INCLUDE
   rice    .h           RICE C header file
   rice    .hpp         RICE C++ header file
   rice    .hxx         RICE C++ header file
   riceeasy.h           easy macro header file

   ricecomp.h           header file for adaptation
   riceansi.h           header file for adaptation
   riceunix.h           header file for adaptation
   ricevax .h           header file for adaptation

   compile .h           library header file
   compiler.h           library header file
   define  .h           library header file
   function.h           library header file
   include .h           library header file
   rebuild .h           library header file
   variable.h           library header file
   type    .h           library header file
   compiler.h           library header file

RICE\LIB
   readme  .1st         just do so...

   makelib .bat         utility for making libraries
   makelib .doc         documentation for utility
   mkliball.bat         subroutine of utility
   mklibbcc.bat         subroutine of utility
   mklibgcc.bat         subroutine of utility
   mklibmsc.bat         subroutine of utility

RICE\SOURCE
   compile1.c           library source file
   compile2.c           library source file
   compile3.c           library source file
   compile4.c           library source file
   compiler.c           library source file
   destroy .c           library source file
   explain .c           library source file
   global  .c           library source file
   infer   .c           library source file
   load    .c           library source file
   rebuild .c           library source file
   save    .c           library source file

RICE\TOOLS
   fuzzy   .c           source file for fuzzy toolbox
   fuzzy   .doc         documentation for fuzzy toolbox
   fuzzy   .h           header file for fuzzy toolbox

RICE\UPGRADE
   rice    .c           compatible source file for upgrading
   rice3x  .c           source file for upgrading
   rice3x  .doc         documentation file for upgrading
   rice3x  .h           header file for upgrading

RICE\UTILS
   readme  .1st         just do so...

   makeutil.bat         utility for making utilities
   makeutil.doc         documentation for utility
   mkutlbcc.bat         subroutine of utility
   mkutlgcc.bat         subroutine of utility
   mkutlmsc.bat         subroutine of utility

   ricexx  .c           source file for binaries

